I'm sorry, but errors were detected in your script. Please correct the
errors listed below, and try again.


File "game/screens.rpy", line 320: vbox expects a non-empty block.
    elif not main_menu:
                       ^

Ren'Py Version: Ren'Py 6.99.14.3135
